------------------------------------------------------------
Timing Analyzer Summary
------------------------------------------------------------

Type  : Slow 1100mV 85C Model Setup 'clk'
Slack : -0.515
TNS   : -2.522

Type  : Slow 1100mV 85C Model Hold 'clk'
Slack : 0.393
TNS   : 0.000

Type  : Slow 1100mV 85C Model Minimum Pulse Width 'clk'
Slack : -0.724
TNS   : -8.889

Type  : Slow 1100mV 0C Model Setup 'clk'
Slack : -0.572
TNS   : -2.471

Type  : Slow 1100mV 0C Model Hold 'clk'
Slack : 0.381
TNS   : 0.000

Type  : Slow 1100mV 0C Model Minimum Pulse Width 'clk'
Slack : -0.724
TNS   : -8.868

Type  : Fast 1100mV 85C Model Setup 'clk'
Slack : 0.391
TNS   : 0.000

Type  : Fast 1100mV 85C Model Hold 'clk'
Slack : 0.171
TNS   : 0.000

Type  : Fast 1100mV 85C Model Minimum Pulse Width 'clk'
Slack : -0.089
TNS   : -0.689

Type  : Fast 1100mV 0C Model Setup 'clk'
Slack : 0.417
TNS   : 0.000

Type  : Fast 1100mV 0C Model Hold 'clk'
Slack : 0.155
TNS   : 0.000

Type  : Fast 1100mV 0C Model Minimum Pulse Width 'clk'
Slack : -0.086
TNS   : -0.673

------------------------------------------------------------
