------------------------------------------------------------
Timing Analyzer Summary
------------------------------------------------------------

Type  : Slow 1100mV 85C Model Setup 'clk'
Slack : -39.540
TNS   : -3015.864

Type  : Slow 1100mV 85C Model Hold 'clk'
Slack : 0.510
TNS   : 0.000

Type  : Slow 1100mV 85C Model Minimum Pulse Width 'clk'
Slack : -0.724
TNS   : -330.201

Type  : Slow 1100mV 0C Model Setup 'clk'
Slack : -39.637
TNS   : -3080.560

Type  : Slow 1100mV 0C Model Hold 'clk'
Slack : 0.522
TNS   : 0.000

Type  : Slow 1100mV 0C Model Minimum Pulse Width 'clk'
Slack : -0.724
TNS   : -334.092

Type  : Fast 1100mV 85C Model Setup 'clk'
Slack : -16.581
TNS   : -1188.666

Type  : Fast 1100mV 85C Model Hold 'clk'
Slack : 0.198
TNS   : 0.000

Type  : Fast 1100mV 85C Model Minimum Pulse Width 'clk'
Slack : -0.087
TNS   : -22.470

Type  : Fast 1100mV 0C Model Setup 'clk'
Slack : -14.897
TNS   : -1054.567

Type  : Fast 1100mV 0C Model Hold 'clk'
Slack : 0.188
TNS   : 0.000

Type  : Fast 1100mV 0C Model Minimum Pulse Width 'clk'
Slack : -0.088
TNS   : -23.460

------------------------------------------------------------
